You said: 
123
Factorial of 5 is 
120
0
2
1
420
0
1
2
3
4
5
6
7
8
9
10
11
